main.c:89:6:HAL_UART_RxHalfCpltCallback	16	static
main.c:94:6:HAL_UART_RxCpltCallback	16	static
main.c:105:5:main	16	static
main.c:245:6:SystemClock_Config	88	static
main.c:289:13:MX_SPI1_Init	8	static
main.c:327:13:MX_SPI3_Init	8	static
main.c:365:13:MX_TIM4_Init	64	static
main.c:424:13:MX_USART1_UART_Init	8	static
main.c:455:13:MX_DMA_Init	16	static
main.c:473:13:MX_GPIO_Init	48	static
main.c:509:19:SPI_2660_Transmit	32	static
main.c:522:9:SPI_2660_Init	16	static
main.c:550:19:SPI_429_Transmit	32	static
main.c:565:9:SPI_429_Init	24	static
main.c:678:6:const_vel_test_429	24	static
main.c:691:6:read_common_reg	32	static
main.c:718:6:read_position	536	static
main.c:742:6:read_ifx	536	static
main.c:767:6:write_ifx	24	static
main.c:778:6:const_vel_test_429_pos	24	static
main.c:788:6:set_motor_pos	24	static
main.c:823:10:set_motor_vel	24	static
main.c:849:10:set_current_scaling	24	static
main.c:864:10:set_motor_x	24	static
main.c:888:6:set_const_vel_test	24	static
main.c:921:6:get_position	24	static
main.c:962:10:get_velocity	24	static
main.c:984:6:Error_Handler	4	static,ignoring_inline_asm
